# /usr/cbs/bio/src/netMHCpan-2.8//Linux_ia64/bin/netMHCpan -p test.pep
# Wed Mar  6 19:14:13 2013
# User: mniel
# PWD : /usr/cbs/bio/src/netMHCpan-2.8/test
# Host: Linux interaction 2.6.16.54-0.2.12-default ia64
# -p       1                    Use peptide input
# Command line parameters set to:
#	[-rdir filename]     /usr/cbs/bio/src/netMHCpan-2.8//Linux_ia64 Home directory for NetMHpan
#	[-syn filename]      /usr/cbs/bio/src/netMHCpan-2.8//Linux_ia64/data/syn/synaps Synaps file
#	[-v]                 0                    Verbose mode
#	[-dirty]             0                    Dirty mode, leave tmp dir+files
#	[-sdev]              0                    Print sdev
#	[-tdir filename]     /scratch             Temporary directory (Default $$)
#	[-hlapseudo filename] /usr/cbs/bio/src/netMHCpan-2.8//Linux_ia64/data/MHC_pseudo.dat File with HLA pseudo sequences
#	[-hlaseq filename]                        File with full length HLA sequences
#	[-a line]            HLA-A02:01           HLA allele
#	[-f filename]                             File name with input
#	[-w]                 0                    w option for webface
#	[-s]                 0                    Sort output on descending affinity
#	[-p]                 1                    Use peptide input
#	[-th float]          50.000000            Threshold for high binding peptides
#	[-lt float]          500.000000           Threshold for low binding peptides
#	[-rth float]         0.500000             Rank Threshold for high binding peptides
#	[-rlt float]         2.000000             Rank Threshold for low binding peptides
#	[-l string]          9                    Peptide length [8-11] (multiple length with ,)
#	[-xls]               0                    Save output to xls file
#	[-xlsfile filename]  NetMHCpan_out.xls    Filename for xls dump
#	[-t float]           -99.900002           Threshold for output
#	[-thrfmt filename]   /usr/cbs/bio/src/netMHCpan-2.8//Linux_ia64/data/threshold/%s.thr Format for threshold filenames
#	[-ic50]              0                    Print IC50 values for all alleles
#	[-whitelist filename] /usr/cbs/bio/src/netMHCpan-2.8//Linux_ia64/data/threshold/whitelist List of alleles to include IC50 values
#	[-expfix]            0                    Exclude prefix from synlist
#	[-version filename]  /usr/cbs/bio/src/netMHCpan-2.8//Linux_ia64/data/version File with version information
#	[-inptype int]       0                    Input type [0] FASTA [1] Peptide
#	[-listMHC]           0                    Print list of alleles included in netMHCpan

# NetMHCpan version 2.8

# Input is in PEPTIDE format

HLA-A02:01 : Estimated prediction accuracy  0.853 (using nearest neighbor HLA-A02:01)

# Affinity Threshold for Strong binding peptides  50.000
# Affinity Threshold for Weak binding peptides 500.000
# Rank Threshold for Strong binding peptides   0.500
# Rank Threshold for Weak binding peptides   2.000
-----------------------------------------------------------------------------------
  pos          HLA      peptide        Identity 1-log50k(aff) Affinity(nM)    %Rank  Exp_Binding  BindLevel
-----------------------------------------------------------------------------------
    0  HLA-A*02:01    AAAWYLWEV         PEPLIST         0.827         6.48     0.25        0.743 <= SB
    0  HLA-A*02:01    AAGLQDCTM         PEPLIST         0.037     33357.30    50.00        0.000
    0  HLA-A*02:01    AARNIVRRA         PEPLIST         0.043     31247.73    50.00        0.000
    0  HLA-A*02:01    AARPDDPTL         PEPLIST         0.043     31318.49    50.00        0.149
    0  HLA-A*02:01    AASCGGAVF         PEPLIST         0.058     26604.73    50.00        0.149
    0  HLA-A*02:01    AASKQQMLM         PEPLIST         0.064     25044.12    32.00        0.000
    0  HLA-A*02:01    AASSTHRKV         PEPLIST         0.062     25517.31    32.00        0.272
    0  HLA-A*02:01    AEALLADGL         PEPLIST         0.045     30636.10    50.00        0.085
    0  HLA-A*02:01    AEESLSLEA         PEPLIST         0.030     36047.73    50.00        0.000
    0  HLA-A*02:01    AEFGPWQTV         PEPLIST         0.161      8801.95    15.00        0.316
-----------------------------------------------------------------------------------

Protein PEPLIST. Allele HLA-A*02:01. Number of high binders 1. Number of weak binders 0. Number of peptides 10

-----------------------------------------------------------------------------------
