# /usr/cbs/bio/src/pickpocket-1.1/Linux_ia64/bin/pickpocket_pmbec test.fsa -d /usr/cbs/bio/src/pickpocket-1.1/Linux_ia64/data/PMBEC.lib
# Sat Aug  9 19:36:17 2014
# User: mniel
# PWD : /usr/cbs/bio/src/pickpocket-1.1/test
# Host: Linux interaction 2.6.16.54-0.2.12-default ia64
# -d       /usr/cbs/bio/src/pickpocket-1.1/Linux_ia64/data/PMBEC.lib Matrix definitions
# Command line parameters set to:
#	[-rdir filename]     /usr/cbs/bio/src/pickpocket-1.1/Linux_ia64 Home directory for NetMHpan
#	[-v]                 0                    Verbose mode
#	[-dirty]             0                    Dirty mode, leave tmp dir+files
#	[-tdir filename]     /scratch             Temporary directory (Default $$)
#	[-hlapseudo filename] /usr/cbs/bio/src/pickpocket-1.1/Linux_ia64/data/MHC_pseudo.dat File with HLA pseudo sequences
#	[-hlaseq filename]                        File with full length HLA sequences
#	[-a line]            HLA-A02:01           HLA allele
#	[-f filename]                             File name with input
#	[-w]                 0                    w option for webface
#	[-s]                 0                    Sort output on descending affinity
#	[-p]                 0                    Use peptide input
#	[-l int]             9                    Peptide length [8-11]
#	[-inptype int]       0                    Input type [0] FASTA [1] Peptide
#	[-listMHC]           0                    Print list of alleles included in PickPocket
#	[-c filename]        /usr/cbs/bio/src/pickpocket-1.1/Linux_ia64/data/contact.txt Contacts
#	[-d filename]        /usr/cbs/bio/src/pickpocket-1.1/Linux_ia64/data/PMBEC.lib Matrix definitions
#	[-pow float]         10.000000            Power for scoring function
# Input is in FSA format

# Peptide length 9
-----------------------------------------------------------------------------------
  pos          HLA    peptide        Identity 1-log50k(aff)
-----------------------------------------------------------------------------------
    0  HLA-A*02:01  TMDKSELVQ 143B_BOVIN_P293         0.230
    0  HLA-A*02:01  MDKSELVQK 143B_BOVIN_P293         0.000
    0  HLA-A*02:01  DKSELVQKA 143B_BOVIN_P293         0.045
    0  HLA-A*02:01  KSELVQKAK 143B_BOVIN_P293         0.000
    0  HLA-A*02:01  SELVQKAKL 143B_BOVIN_P293         0.152
    0  HLA-A*02:01  ELVQKAKLA 143B_BOVIN_P293         0.331
    0  HLA-A*02:01  LVQKAKLAE 143B_BOVIN_P293         0.063
    0  HLA-A*02:01  VQKAKLAEQ 143B_BOVIN_P293         0.070
    0  HLA-A*02:01  QKAKLAEQA 143B_BOVIN_P293         0.075
    0  HLA-A*02:01  KAKLAEQAE 143B_BOVIN_P293         0.000
    0  HLA-A*02:01  AKLAEQAER 143B_BOVIN_P293         0.000
    0  HLA-A*02:01  KLAEQAERY 143B_BOVIN_P293         0.280
    0  HLA-A*02:01  LAEQAERYD 143B_BOVIN_P293         0.000
    0  HLA-A*02:01  AEQAERYDD 143B_BOVIN_P293         0.000
    0  HLA-A*02:01  EQAERYDDM 143B_BOVIN_P293         0.170
    0  HLA-A*02:01  QAERYDDMA 143B_BOVIN_P293         0.058
    0  HLA-A*02:01  AERYDDMAA 143B_BOVIN_P293         0.020
    0  HLA-A*02:01  ERYDDMAAA 143B_BOVIN_P293         0.130
    0  HLA-A*02:01  RYDDMAAAM 143B_BOVIN_P293         0.189
    0  HLA-A*02:01  YDDMAAAMK 143B_BOVIN_P293         0.000
    0  HLA-A*02:01  DDMAAAMKA 143B_BOVIN_P293         0.068
    0  HLA-A*02:01  DMAAAMKAV 143B_BOVIN_P293         0.508
    0  HLA-A*02:01  MAAAMKAVT 143B_BOVIN_P293         0.124
    0  HLA-A*02:01  AAAMKAVTE 143B_BOVIN_P293         0.039
    0  HLA-A*02:01  AAMKAVTEQ 143B_BOVIN_P293         0.114
    0  HLA-A*02:01  AMKAVTEQG 143B_BOVIN_P293         0.238
    0  HLA-A*02:01  MKAVTEQGH 143B_BOVIN_P293         0.000
    0  HLA-A*02:01  KAVTEQGHE 143B_BOVIN_P293         0.000
    0  HLA-A*02:01  AVTEQGHEL 143B_BOVIN_P293         0.416
    0  HLA-A*02:01  VTEQGHELS 143B_BOVIN_P293         0.011
    0  HLA-A*02:01  TEQGHELSN 143B_BOVIN_P293         0.000
    0  HLA-A*02:01  EQGHELSNE 143B_BOVIN_P293         0.041
    0  HLA-A*02:01  QGHELSNEE 143B_BOVIN_P293         0.000
    0  HLA-A*02:01  GHELSNEER 143B_BOVIN_P293         0.000
    0  HLA-A*02:01  HELSNEERN 143B_BOVIN_P293         0.000
    0  HLA-A*02:01  ELSNEERNL 143B_BOVIN_P293         0.336
    0  HLA-A*02:01  LSNEERNLL 143B_BOVIN_P293         0.208
    0  HLA-A*02:01  SNEERNLLS 143B_BOVIN_P293         0.000
    0  HLA-A*02:01  NEERNLLSV 143B_BOVIN_P293         0.234
    0  HLA-A*02:01  EERNLLSVA 143B_BOVIN_P293         0.000
    0  HLA-A*02:01  ERNLLSVAY 143B_BOVIN_P293         0.000
    0  HLA-A*02:01  RNLLSVAYK 143B_BOVIN_P293         0.039
    0  HLA-A*02:01  NLLSVAYKN 143B_BOVIN_P293         0.454
    0  HLA-A*02:01  LLSVAYKNV 143B_BOVIN_P293         0.545
    0  HLA-A*02:01  LSVAYKNVV 143B_BOVIN_P293         0.327
    0  HLA-A*02:01  SVAYKNVVG 143B_BOVIN_P293         0.167
    0  HLA-A*02:01  VAYKNVVGA 143B_BOVIN_P293         0.363
    0  HLA-A*02:01  AYKNVVGAR 143B_BOVIN_P293         0.000
    0  HLA-A*02:01  YKNVVGARR 143B_BOVIN_P293         0.000
    0  HLA-A*02:01  KNVVGARRS 143B_BOVIN_P293         0.000
    0  HLA-A*02:01  NVVGARRSS 143B_BOVIN_P293         0.010
    0  HLA-A*02:01  VVGARRSSW 143B_BOVIN_P293         0.000
    0  HLA-A*02:01  VGARRSSWR 143B_BOVIN_P293         0.000
    0  HLA-A*02:01  GARRSSWRV 143B_BOVIN_P293         0.272
    0  HLA-A*02:01  ARRSSWRVI 143B_BOVIN_P293         0.000
    0  HLA-A*02:01  RRSSWRVIS 143B_BOVIN_P293         0.000
    0  HLA-A*02:01  RSSWRVISS 143B_BOVIN_P293         0.109
    0  HLA-A*02:01  SSWRVISSI 143B_BOVIN_P293         0.417
    0  HLA-A*02:01  SWRVISSIE 143B_BOVIN_P293         0.000
    0  HLA-A*02:01  WRVISSIEQ 143B_BOVIN_P293         0.000
    0  HLA-A*02:01  RVISSIEQK 143B_BOVIN_P293         0.160
    0  HLA-A*02:01  VISSIEQKT 143B_BOVIN_P293         0.254
    0  HLA-A*02:01  ISSIEQKTE 143B_BOVIN_P293         0.000
    0  HLA-A*02:01  SSIEQKTER 143B_BOVIN_P293         0.000
    0  HLA-A*02:01  SIEQKTERN 143B_BOVIN_P293         0.091
    0  HLA-A*02:01  IEQKTERNE 143B_BOVIN_P293         0.000
    0  HLA-A*02:01  EQKTERNEK 143B_BOVIN_P293         0.000
    0  HLA-A*02:01  QKTERNEKK 143B_BOVIN_P293         0.000
    0  HLA-A*02:01  KTERNEKKQ 143B_BOVIN_P293         0.000
    0  HLA-A*02:01  TERNEKKQQ 143B_BOVIN_P293         0.000
    0  HLA-A*02:01  ERNEKKQQM 143B_BOVIN_P293         0.000
    0  HLA-A*02:01  RNEKKQQMG 143B_BOVIN_P293         0.000
    0  HLA-A*02:01  NEKKQQMGK 143B_BOVIN_P293         0.000
    0  HLA-A*02:01  EKKQQMGKE 143B_BOVIN_P293         0.000
    0  HLA-A*02:01  KKQQMGKEY 143B_BOVIN_P293         0.000
    0  HLA-A*02:01  KQQMGKEYR 143B_BOVIN_P293         0.000
    0  HLA-A*02:01  QQMGKEYRE 143B_BOVIN_P293         0.230
    0  HLA-A*02:01  QMGKEYREK 143B_BOVIN_P293         0.061
    0  HLA-A*02:01  MGKEYREKI 143B_BOVIN_P293         0.073
    0  HLA-A*02:01  GKEYREKIE 143B_BOVIN_P293         0.000
    0  HLA-A*02:01  KEYREKIEA 143B_BOVIN_P293         0.186
    0  HLA-A*02:01  EYREKIEAE 143B_BOVIN_P293         0.000
    0  HLA-A*02:01  YREKIEAEL 143B_BOVIN_P293         0.123
    0  HLA-A*02:01  REKIEAELQ 143B_BOVIN_P293         0.000
    0  HLA-A*02:01  EKIEAELQD 143B_BOVIN_P293         0.000
    0  HLA-A*02:01  KIEAELQDI 143B_BOVIN_P293         0.391
    0  HLA-A*02:01  IEAELQDIC 143B_BOVIN_P293         0.000
    0  HLA-A*02:01  EAELQDICN 143B_BOVIN_P293         0.000
    0  HLA-A*02:01  AELQDICND 143B_BOVIN_P293         0.117
    0  HLA-A*02:01  ELQDICNDV 143B_BOVIN_P293         0.534
    0  HLA-A*02:01  LQDICNDVL 143B_BOVIN_P293         0.361
    0  HLA-A*02:01  QDICNDVLQ 143B_BOVIN_P293         0.000
    0  HLA-A*02:01  DICNDVLQL 143B_BOVIN_P293         0.377
    0  HLA-A*02:01  ICNDVLQLL 143B_BOVIN_P293         0.316
    0  HLA-A*02:01  CNDVLQLLD 143B_BOVIN_P293         0.000
    0  HLA-A*02:01  NDVLQLLDK 143B_BOVIN_P293         0.000
    0  HLA-A*02:01  DVLQLLDKY 143B_BOVIN_P293         0.042
    0  HLA-A*02:01  VLQLLDKYL 143B_BOVIN_P293         0.492
    0  HLA-A*02:01  LQLLDKYLI 143B_BOVIN_P293         0.465
    0  HLA-A*02:01  QLLDKYLIP 143B_BOVIN_P293         0.398
    0  HLA-A*02:01  LLDKYLIPN 143B_BOVIN_P293         0.498
    0  HLA-A*02:01  LDKYLIPNA 143B_BOVIN_P293         0.093
    0  HLA-A*02:01  DKYLIPNAT 143B_BOVIN_P293         0.000
    0  HLA-A*02:01  KYLIPNATQ 143B_BOVIN_P293         0.000
    0  HLA-A*02:01  YLIPNATQP 143B_BOVIN_P293         0.543
    0  HLA-A*02:01  LIPNATQPE 143B_BOVIN_P293         0.238
    0  HLA-A*02:01  IPNATQPES 143B_BOVIN_P293         0.000
    0  HLA-A*02:01  PNATQPESK 143B_BOVIN_P293         0.000
    0  HLA-A*02:01  NATQPESKV 143B_BOVIN_P293         0.196
    0  HLA-A*02:01  ATQPESKVF 143B_BOVIN_P293         0.025
    0  HLA-A*02:01  TQPESKVFY 143B_BOVIN_P293         0.025
    0  HLA-A*02:01  QPESKVFYL 143B_BOVIN_P293         0.179
    0  HLA-A*02:01  PESKVFYLK 143B_BOVIN_P293         0.000
    0  HLA-A*02:01  ESKVFYLKM 143B_BOVIN_P293         0.000
    0  HLA-A*02:01  SKVFYLKMK 143B_BOVIN_P293         0.000
    0  HLA-A*02:01  KVFYLKMKG 143B_BOVIN_P293         0.218
    0  HLA-A*02:01  VFYLKMKGD 143B_BOVIN_P293         0.056
    0  HLA-A*02:01  FYLKMKGDY 143B_BOVIN_P293         0.000
    0  HLA-A*02:01  YLKMKGDYF 143B_BOVIN_P293         0.288
    0  HLA-A*02:01  LKMKGDYFR 143B_BOVIN_P293         0.000
    0  HLA-A*02:01  KMKGDYFRY 143B_BOVIN_P293         0.224
    0  HLA-A*02:01  MKGDYFRYL 143B_BOVIN_P293         0.316
    0  HLA-A*02:01  KGDYFRYLS 143B_BOVIN_P293         0.062
    0  HLA-A*02:01  GDYFRYLSE 143B_BOVIN_P293         0.000
    0  HLA-A*02:01  DYFRYLSEV 143B_BOVIN_P293         0.331
    0  HLA-A*02:01  YFRYLSEVA 143B_BOVIN_P293         0.191
    0  HLA-A*02:01  FRYLSEVAS 143B_BOVIN_P293         0.073
    0  HLA-A*02:01  RYLSEVASG 143B_BOVIN_P293         0.120
    0  HLA-A*02:01  YLSEVASGD 143B_BOVIN_P293         0.436
    0  HLA-A*02:01  LSEVASGDN 143B_BOVIN_P293         0.000
    0  HLA-A*02:01  SEVASGDNK 143B_BOVIN_P293         0.000
    0  HLA-A*02:01  EVASGDNKQ 143B_BOVIN_P293         0.000
    0  HLA-A*02:01  VASGDNKQT 143B_BOVIN_P293         0.000
    0  HLA-A*02:01  ASGDNKQTT 143B_BOVIN_P293         0.053
    0  HLA-A*02:01  SGDNKQTTV 143B_BOVIN_P293         0.298
    0  HLA-A*02:01  GDNKQTTVS 143B_BOVIN_P293         0.000
    0  HLA-A*02:01  DNKQTTVSN 143B_BOVIN_P293         0.000
    0  HLA-A*02:01  NKQTTVSNS 143B_BOVIN_P293         0.000
    0  HLA-A*02:01  KQTTVSNSQ 143B_BOVIN_P293         0.121
    0  HLA-A*02:01  QTTVSNSQQ 143B_BOVIN_P293         0.000
    0  HLA-A*02:01  TTVSNSQQA 143B_BOVIN_P293         0.285
    0  HLA-A*02:01  TVSNSQQAY 143B_BOVIN_P293         0.000
    0  HLA-A*02:01  VSNSQQAYQ 143B_BOVIN_P293         0.043
    0  HLA-A*02:01  SNSQQAYQE 143B_BOVIN_P293         0.031
    0  HLA-A*02:01  NSQQAYQEA 143B_BOVIN_P293         0.167
    0  HLA-A*02:01  SQQAYQEAF 143B_BOVIN_P293         0.167
    0  HLA-A*02:01  QQAYQEAFE 143B_BOVIN_P293         0.133
    0  HLA-A*02:01  QAYQEAFEI 143B_BOVIN_P293         0.368
    0  HLA-A*02:01  AYQEAFEIS 143B_BOVIN_P293         0.020
    0  HLA-A*02:01  YQEAFEISK 143B_BOVIN_P293         0.078
    0  HLA-A*02:01  QEAFEISKK 143B_BOVIN_P293         0.000
    0  HLA-A*02:01  EAFEISKKE 143B_BOVIN_P293         0.000
    0  HLA-A*02:01  AFEISKKEM 143B_BOVIN_P293         0.000
    0  HLA-A*02:01  FEISKKEMQ 143B_BOVIN_P293         0.000
    0  HLA-A*02:01  EISKKEMQP 143B_BOVIN_P293         0.086
    0  HLA-A*02:01  ISKKEMQPT 143B_BOVIN_P293         0.018
    0  HLA-A*02:01  SKKEMQPTH 143B_BOVIN_P293         0.000
    0  HLA-A*02:01  KKEMQPTHP 143B_BOVIN_P293         0.000
    0  HLA-A*02:01  KEMQPTHPI 143B_BOVIN_P293         0.383
    0  HLA-A*02:01  EMQPTHPIR 143B_BOVIN_P293         0.087
    0  HLA-A*02:01  MQPTHPIRL 143B_BOVIN_P293         0.425
    0  HLA-A*02:01  QPTHPIRLG 143B_BOVIN_P293         0.000
    0  HLA-A*02:01  PTHPIRLGL 143B_BOVIN_P293         0.106
    0  HLA-A*02:01  THPIRLGLA 143B_BOVIN_P293         0.040
    0  HLA-A*02:01  HPIRLGLAL 143B_BOVIN_P293         0.115
    0  HLA-A*02:01  PIRLGLALN 143B_BOVIN_P293         0.004
    0  HLA-A*02:01  IRLGLALNF 143B_BOVIN_P293         0.043
    0  HLA-A*02:01  RLGLALNFS 143B_BOVIN_P293         0.407
    0  HLA-A*02:01  LGLALNFSV 143B_BOVIN_P293         0.510
    0  HLA-A*02:01  GLALNFSVF 143B_BOVIN_P293         0.378
    0  HLA-A*02:01  LALNFSVFY 143B_BOVIN_P293         0.098
    0  HLA-A*02:01  ALNFSVFYY 143B_BOVIN_P293         0.435
    0  HLA-A*02:01  LNFSVFYYE 143B_BOVIN_P293         0.270
    0  HLA-A*02:01  NFSVFYYEI 143B_BOVIN_P293         0.332
    0  HLA-A*02:01  FSVFYYEIL 143B_BOVIN_P293         0.368
    0  HLA-A*02:01  SVFYYEILN 143B_BOVIN_P293         0.285
    0  HLA-A*02:01  VFYYEILNS 143B_BOVIN_P293         0.230
    0  HLA-A*02:01  FYYEILNSP 143B_BOVIN_P293         0.308
    0  HLA-A*02:01  YYEILNSPE 143B_BOVIN_P293         0.000
    0  HLA-A*02:01  YEILNSPEK 143B_BOVIN_P293         0.025
    0  HLA-A*02:01  EILNSPEKA 143B_BOVIN_P293         0.288
    0  HLA-A*02:01  ILNSPEKAC 143B_BOVIN_P293         0.264
    0  HLA-A*02:01  LNSPEKACS 143B_BOVIN_P293         0.000
    0  HLA-A*02:01  NSPEKACSL 143B_BOVIN_P293         0.285
    0  HLA-A*02:01  SPEKACSLA 143B_BOVIN_P293         0.000
    0  HLA-A*02:01  PEKACSLAK 143B_BOVIN_P293         0.000
    0  HLA-A*02:01  EKACSLAKT 143B_BOVIN_P293         0.014
    0  HLA-A*02:01  KACSLAKTA 143B_BOVIN_P293         0.156
    0  HLA-A*02:01  ACSLAKTAF 143B_BOVIN_P293         0.000
    0  HLA-A*02:01  CSLAKTAFD 143B_BOVIN_P293         0.142
    0  HLA-A*02:01  SLAKTAFDE 143B_BOVIN_P293         0.400
    0  HLA-A*02:01  LAKTAFDEA 143B_BOVIN_P293         0.109
    0  HLA-A*02:01  AKTAFDEAI 143B_BOVIN_P293         0.129
    0  HLA-A*02:01  KTAFDEAIA 143B_BOVIN_P293         0.283
    0  HLA-A*02:01  TAFDEAIAE 143B_BOVIN_P293         0.115
    0  HLA-A*02:01  AFDEAIAEL 143B_BOVIN_P293         0.455
    0  HLA-A*02:01  FDEAIAELD 143B_BOVIN_P293         0.000
    0  HLA-A*02:01  DEAIAELDT 143B_BOVIN_P293         0.000
    0  HLA-A*02:01  EAIAELDTL 143B_BOVIN_P293         0.215
    0  HLA-A*02:01  AIAELDTLN 143B_BOVIN_P293         0.271
    0  HLA-A*02:01  IAELDTLNE 143B_BOVIN_P293         0.000
    0  HLA-A*02:01  AELDTLNEE 143B_BOVIN_P293         0.119
    0  HLA-A*02:01  ELDTLNEES 143B_BOVIN_P293         0.218
    0  HLA-A*02:01  LDTLNEESY 143B_BOVIN_P293         0.000
    0  HLA-A*02:01  DTLNEESYK 143B_BOVIN_P293         0.000
    0  HLA-A*02:01  TLNEESYKD 143B_BOVIN_P293         0.403
    0  HLA-A*02:01  LNEESYKDS 143B_BOVIN_P293         0.000
    0  HLA-A*02:01  NEESYKDST 143B_BOVIN_P293         0.000
    0  HLA-A*02:01  EESYKDSTL 143B_BOVIN_P293         0.003
    0  HLA-A*02:01  ESYKDSTLI 143B_BOVIN_P293         0.225
    0  HLA-A*02:01  SYKDSTLIM 143B_BOVIN_P293         0.000
    0  HLA-A*02:01  YKDSTLIMQ 143B_BOVIN_P293         0.118
    0  HLA-A*02:01  KDSTLIMQL 143B_BOVIN_P293         0.252
    0  HLA-A*02:01  DSTLIMQLL 143B_BOVIN_P293         0.108
    0  HLA-A*02:01  STLIMQLLR 143B_BOVIN_P293         0.000
    0  HLA-A*02:01  TLIMQLLRD 143B_BOVIN_P293         0.376
    0  HLA-A*02:01  LIMQLLRDN 143B_BOVIN_P293         0.275
    0  HLA-A*02:01  IMQLLRDNL 143B_BOVIN_P293         0.466
    0  HLA-A*02:01  MQLLRDNLT 143B_BOVIN_P293         0.323
    0  HLA-A*02:01  QLLRDNLTL 143B_BOVIN_P293         0.560
    0  HLA-A*02:01  LLRDNLTLW 143B_BOVIN_P293         0.299
    0  HLA-A*02:01  LRDNLTLWT 143B_BOVIN_P293         0.060
    0  HLA-A*02:01  RDNLTLWTS 143B_BOVIN_P293         0.079
    0  HLA-A*02:01  DNLTLWTSE 143B_BOVIN_P293         0.000
    0  HLA-A*02:01  NLTLWTSEN 143B_BOVIN_P293         0.288
    0  HLA-A*02:01  LTLWTSENQ 143B_BOVIN_P293         0.159
    0  HLA-A*02:01  TLWTSENQG 143B_BOVIN_P293         0.370
    0  HLA-A*02:01  LWTSENQGD 143B_BOVIN_P293         0.000
    0  HLA-A*02:01  WTSENQGDE 143B_BOVIN_P293         0.030
    0  HLA-A*02:01  TSENQGDEG 143B_BOVIN_P293         0.000
    0  HLA-A*02:01  SENQGDEGD 143B_BOVIN_P293         0.000
    0  HLA-A*02:01  ENQGDEGDA 143B_BOVIN_P293         0.000
    0  HLA-A*02:01  NQGDEGDAG 143B_BOVIN_P293         0.087
    0  HLA-A*02:01  QGDEGDAGE 143B_BOVIN_P293         0.004
    0  HLA-A*02:01  GDEGDAGEG 143B_BOVIN_P293         0.000
    0  HLA-A*02:01  DEGDAGEGE 143B_BOVIN_P293         0.000
    0  HLA-A*02:01  EGDAGEGEN 143B_BOVIN_P293         0.000
-----------------------------------------------------------------------------------
