# Method: NetMHCcons

# Input is in PEPTIDE format

# Peptide length 9

# Threshold for Strong binding peptides (IC50)	50.000 nM
# Threshold for Weak binding peptides (IC50)	500.000 nM

# Threshold for Strong binding peptides (%Rank)	0.5%
# Threshold for Weak binding peptides (%Rank)	2%

# Allele: HLA-A02:01

# Distance to the nearest neighbour ( HLA-A02:01 ) in the training set: 0.000

# NetMHCcons = NetMHC+NetMHCpan

---------------------------------------------------------------------------------------
   pos       Allele         peptide         Identity 1-log50k(aff) Affinity(nM)  %Rank Exp_Binding  BindingLevel
---------------------------------------------------------------------------------------
     0   HLA-A02:01       AAAWYLWEV          PEPLIST         0.825         6.64   0.20        0.743 <=SB
     0   HLA-A02:01       AAGLQDCTM          PEPLIST         0.055     27725.29  50.00        0.000 
     0   HLA-A02:01       AARNIVRRA          PEPLIST         0.054     27725.29  50.00        0.000 
     0   HLA-A02:01       AARPDDPTL          PEPLIST         0.065     24882.07  50.00        0.149 
     0   HLA-A02:01       AASCGGAVF          PEPLIST         0.067     24349.41  50.00        0.149 
     0   HLA-A02:01       AASKQQMLM          PEPLIST         0.083     20368.33  32.00        0.000 
     0   HLA-A02:01       AASSTHRKV          PEPLIST         0.074     22451.54  32.00        0.272 
     0   HLA-A02:01       AEALLADGL          PEPLIST         0.062     25564.30  50.00        0.085 
     0   HLA-A02:01       AEESLSLEA          PEPLIST         0.050     29266.51  50.00        0.000 
     0   HLA-A02:01       AEFGPWQTV          PEPLIST         0.139     11172.82  16.00        0.316 
---------------------------------------------------------------------------------------
Number of strong binders: 1 Number of weak binders: 0
---------------------------------------------------------------------------------------
